// Jest Snapshot v1, https://goo.gl/fbAQLP

exports[`Button should match a snapshot 1`] = `
<View
  accessibilityState={
    {
      "busy": undefined,
      "checked": undefined,
      "disabled": undefined,
      "expanded": undefined,
      "selected": undefined,
    }
  }
  accessibilityValue={
    {
      "max": undefined,
      "min": undefined,
      "now": undefined,
      "text": undefined,
    }
  }
  accessible={true}
  collapsable={false}
  focusable={true}
  onClick={[Function]}
  onResponderGrant={[Function]}
  onResponderMove={[Function]}
  onResponderRelease={[Function]}
  onResponderTerminate={[Function]}
  onResponderTerminationRequest={[Function]}
  onStartShouldSetResponder={[Function]}
  style={
    {
      "backgroundColor": "#1Ec677",
      "borderBottomLeftRadius": 50,
      "borderBottomRightRadius": 50,
      "borderTopLeftRadius": 50,
      "borderTopRightRadius": 50,
      "opacity": 1,
      "paddingBottom": 12,
      "paddingLeft": 12,
      "paddingRight": 12,
      "paddingTop": 12,
      "width": "100%",
    }
  }
>
  <Text
    style={
      {
        "color": "#fff",
        "fontFamily": "Poppins-Bold",
        "fontSize": 16,
        "textAlign": "center",
      }
    }
  >
    Label
  </Text>
</View>
`;
